INFO 2025-04-13 08:02:33,896 views 70757 7919574080 Generating application dashboard data
ERROR 2025-04-13 08:02:33,899 log 70757 7919574080 Internal Server Error: /api/dashboard/applications/
Traceback (most recent call last):
  File "/Users/hongyuanfan/Desktop/LoanApplicationBackend/venv/lib/python3.9/site-packages/django/db/models/sql/query.py", line 1847, in transform
    return self.try_transform(wrapped, name)
  File "/Users/hongyuanfan/Desktop/LoanApplicationBackend/venv/lib/python3.9/site-packages/django/db/models/sql/query.py", line 1357, in try_transform
    raise FieldError(
django.core.exceptions.FieldError: Unsupported lookup 'company_name' for BigAutoField or join on the field not permitted.

During handling of the above exception, another exception occurred:

Traceback (most recent call last):
  File "/Users/hongyuanfan/Desktop/LoanApplicationBackend/venv/lib/python3.9/site-packages/django/core/handlers/exception.py", line 55, in inner
    response = get_response(request)
  File "/Users/hongyuanfan/Desktop/LoanApplicationBackend/venv/lib/python3.9/site-packages/django/core/handlers/base.py", line 197, in _get_response
    response = wrapped_callback(request, *callback_args, **callback_kwargs)
  File "/Users/hongyuanfan/Desktop/LoanApplicationBackend/venv/lib/python3.9/site-packages/django/views/decorators/csrf.py", line 56, in wrapper_view
    return view_func(*args, **kwargs)
  File "/Users/hongyuanfan/Desktop/LoanApplicationBackend/venv/lib/python3.9/site-packages/django/views/generic/base.py", line 104, in view
    return self.dispatch(request, *args, **kwargs)
  File "/Users/hongyuanfan/Desktop/LoanApplicationBackend/venv/lib/python3.9/site-packages/rest_framework/views.py", line 515, in dispatch
    response = self.handle_exception(exc)
  File "/Users/hongyuanfan/Desktop/LoanApplicationBackend/venv/lib/python3.9/site-packages/rest_framework/views.py", line 475, in handle_exception
    self.raise_uncaught_exception(exc)
  File "/Users/hongyuanfan/Desktop/LoanApplicationBackend/venv/lib/python3.9/site-packages/rest_framework/views.py", line 486, in raise_uncaught_exception
    raise exc
  File "/Users/hongyuanfan/Desktop/LoanApplicationBackend/venv/lib/python3.9/site-packages/rest_framework/views.py", line 512, in dispatch
    response = handler(request, *args, **kwargs)
  File "/Users/hongyuanfan/Desktop/LoanApplicationBackend/dashboard/views.py", line 244, in get
    top_brokers = Application.objects.values(
  File "/Users/hongyuanfan/Desktop/LoanApplicationBackend/venv/lib/python3.9/site-packages/django/db/models/manager.py", line 87, in manager_method
    return getattr(self.get_queryset(), name)(*args, **kwargs)
  File "/Users/hongyuanfan/Desktop/LoanApplicationBackend/venv/lib/python3.9/site-packages/django/db/models/query.py", line 1313, in values
    clone = self._values(*fields, **expressions)
  File "/Users/hongyuanfan/Desktop/LoanApplicationBackend/venv/lib/python3.9/site-packages/django/db/models/query.py", line 1308, in _values
    clone.query.set_values(fields)
  File "/Users/hongyuanfan/Desktop/LoanApplicationBackend/venv/lib/python3.9/site-packages/django/db/models/sql/query.py", line 2463, in set_values
    self.add_fields(field_names, True)
  File "/Users/hongyuanfan/Desktop/LoanApplicationBackend/venv/lib/python3.9/site-packages/django/db/models/sql/query.py", line 2171, in add_fields
    cols.append(join_info.transform_function(target, final_alias))
  File "/Users/hongyuanfan/Desktop/LoanApplicationBackend/venv/lib/python3.9/site-packages/django/db/models/sql/query.py", line 1851, in transform
    raise last_field_exception
  File "/Users/hongyuanfan/Desktop/LoanApplicationBackend/venv/lib/python3.9/site-packages/django/db/models/sql/query.py", line 1824, in setup_joins
    path, final_field, targets, rest = self.names_to_path(
  File "/Users/hongyuanfan/Desktop/LoanApplicationBackend/venv/lib/python3.9/site-packages/django/db/models/sql/query.py", line 1725, in names_to_path
    raise FieldError(
django.core.exceptions.FieldError: Cannot resolve keyword 'company_name' into field. Choices are: applications, commission_account, created_at, email, first_name, id, last_name, phone_number, updated_at
INFO 2025-04-13 08:02:34,623 views 70757 7919574080 Generating dashboard overview data
ERROR 2025-04-13 08:02:34,624 log 70757 7919574080 Internal Server Error: /api/dashboard/overview/
Traceback (most recent call last):
  File "/Users/hongyuanfan/Desktop/LoanApplicationBackend/venv/lib/python3.9/site-packages/django/core/handlers/exception.py", line 55, in inner
    response = get_response(request)
  File "/Users/hongyuanfan/Desktop/LoanApplicationBackend/venv/lib/python3.9/site-packages/django/core/handlers/base.py", line 197, in _get_response
    response = wrapped_callback(request, *callback_args, **callback_kwargs)
  File "/Users/hongyuanfan/Desktop/LoanApplicationBackend/venv/lib/python3.9/site-packages/django/views/decorators/csrf.py", line 56, in wrapper_view
    return view_func(*args, **kwargs)
  File "/Users/hongyuanfan/Desktop/LoanApplicationBackend/venv/lib/python3.9/site-packages/django/views/generic/base.py", line 104, in view
    return self.dispatch(request, *args, **kwargs)
  File "/Users/hongyuanfan/Desktop/LoanApplicationBackend/venv/lib/python3.9/site-packages/rest_framework/views.py", line 515, in dispatch
    response = self.handle_exception(exc)
  File "/Users/hongyuanfan/Desktop/LoanApplicationBackend/venv/lib/python3.9/site-packages/rest_framework/views.py", line 475, in handle_exception
    self.raise_uncaught_exception(exc)
  File "/Users/hongyuanfan/Desktop/LoanApplicationBackend/venv/lib/python3.9/site-packages/rest_framework/views.py", line 486, in raise_uncaught_exception
    raise exc
  File "/Users/hongyuanfan/Desktop/LoanApplicationBackend/venv/lib/python3.9/site-packages/rest_framework/views.py", line 512, in dispatch
    response = handler(request, *args, **kwargs)
  File "/Users/hongyuanfan/Desktop/LoanApplicationBackend/dashboard/views.py", line 135, in get
    'total_loan_amount': Application.objects.aggregate(total=Sum('loan_amount'))['total'] or 0,
  File "/Users/hongyuanfan/Desktop/LoanApplicationBackend/venv/lib/python3.9/site-packages/django/db/models/manager.py", line 87, in manager_method
    return getattr(self.get_queryset(), name)(*args, **kwargs)
  File "/Users/hongyuanfan/Desktop/LoanApplicationBackend/venv/lib/python3.9/site-packages/django/db/models/query.py", line 592, in aggregate
    return self.query.chain().get_aggregation(self.db, kwargs)
  File "/Users/hongyuanfan/Desktop/LoanApplicationBackend/venv/lib/python3.9/site-packages/django/db/models/sql/query.py", line 398, in get_aggregation
    aggregate = aggregate_expr.resolve_expression(
  File "/Users/hongyuanfan/Desktop/LoanApplicationBackend/venv/lib/python3.9/site-packages/django/db/models/aggregates.py", line 64, in resolve_expression
    c = super().resolve_expression(query, allow_joins, reuse, summarize)
  File "/Users/hongyuanfan/Desktop/LoanApplicationBackend/venv/lib/python3.9/site-packages/django/db/models/expressions.py", line 950, in resolve_expression
    c.source_expressions[pos] = arg.resolve_expression(
  File "/Users/hongyuanfan/Desktop/LoanApplicationBackend/venv/lib/python3.9/site-packages/django/db/models/expressions.py", line 829, in resolve_expression
    return query.resolve_ref(self.name, allow_joins, reuse, summarize)
  File "/Users/hongyuanfan/Desktop/LoanApplicationBackend/venv/lib/python3.9/site-packages/django/db/models/sql/query.py", line 1977, in resolve_ref
    join_info = self.setup_joins(
  File "/Users/hongyuanfan/Desktop/LoanApplicationBackend/venv/lib/python3.9/site-packages/django/db/models/sql/query.py", line 1824, in setup_joins
    path, final_field, targets, rest = self.names_to_path(
  File "/Users/hongyuanfan/Desktop/LoanApplicationBackend/venv/lib/python3.9/site-packages/django/db/models/sql/query.py", line 1725, in names_to_path
    raise FieldError(
django.core.exceptions.FieldError: Cannot resolve keyword 'loan_amount' into field. Choices are: bdm, bdm_id, borrower, borrower_id, broker, broker_id, calculation, calculator_fees, created_at, documents, extensions, fees, gross_loan_amount, id, net_loan_amount, notes, notifications, product, product_id, qs, qs_id, referral, referral_id, repayments, stage, status, updated_at, valuer, valuer_id
INFO 2025-04-13 08:02:34,958 views 70757 7919574080 Generating document dashboard data
INFO 2025-04-13 08:02:34,960 views 70757 7919574080 Document dashboard data generated in 0.002s
INFO 2025-04-13 08:02:35,287 views 70757 7919574080 Generating entity dashboard data
ERROR 2025-04-13 08:02:35,287 log 70757 7919574080 Internal Server Error: /api/dashboard/entities/
Traceback (most recent call last):
  File "/Users/hongyuanfan/Desktop/LoanApplicationBackend/venv/lib/python3.9/site-packages/django/db/models/sql/query.py", line 2162, in add_fields
    join_info = self.setup_joins(
  File "/Users/hongyuanfan/Desktop/LoanApplicationBackend/venv/lib/python3.9/site-packages/django/db/models/sql/query.py", line 1824, in setup_joins
    path, final_field, targets, rest = self.names_to_path(
  File "/Users/hongyuanfan/Desktop/LoanApplicationBackend/venv/lib/python3.9/site-packages/django/db/models/sql/query.py", line 1725, in names_to_path
    raise FieldError(
django.core.exceptions.FieldError: Cannot resolve keyword 'company_name' into field. Choices are: applications, commission_account, created_at, email, first_name, id, last_name, phone_number, updated_at

During handling of the above exception, another exception occurred:

Traceback (most recent call last):
  File "/Users/hongyuanfan/Desktop/LoanApplicationBackend/venv/lib/python3.9/site-packages/django/core/handlers/exception.py", line 55, in inner
    response = get_response(request)
  File "/Users/hongyuanfan/Desktop/LoanApplicationBackend/venv/lib/python3.9/site-packages/django/core/handlers/base.py", line 197, in _get_response
    response = wrapped_callback(request, *callback_args, **callback_kwargs)
  File "/Users/hongyuanfan/Desktop/LoanApplicationBackend/venv/lib/python3.9/site-packages/django/views/decorators/csrf.py", line 56, in wrapper_view
    return view_func(*args, **kwargs)
  File "/Users/hongyuanfan/Desktop/LoanApplicationBackend/venv/lib/python3.9/site-packages/django/views/generic/base.py", line 104, in view
    return self.dispatch(request, *args, **kwargs)
  File "/Users/hongyuanfan/Desktop/LoanApplicationBackend/venv/lib/python3.9/site-packages/rest_framework/views.py", line 515, in dispatch
    response = self.handle_exception(exc)
  File "/Users/hongyuanfan/Desktop/LoanApplicationBackend/venv/lib/python3.9/site-packages/rest_framework/views.py", line 475, in handle_exception
    self.raise_uncaught_exception(exc)
  File "/Users/hongyuanfan/Desktop/LoanApplicationBackend/venv/lib/python3.9/site-packages/rest_framework/views.py", line 486, in raise_uncaught_exception
    raise exc
  File "/Users/hongyuanfan/Desktop/LoanApplicationBackend/venv/lib/python3.9/site-packages/rest_framework/views.py", line 512, in dispatch
    response = handler(request, *args, **kwargs)
  File "/Users/hongyuanfan/Desktop/LoanApplicationBackend/dashboard/views.py", line 415, in get
    brokers_by_company = Broker.objects.values('company_name').annotate(
  File "/Users/hongyuanfan/Desktop/LoanApplicationBackend/venv/lib/python3.9/site-packages/django/db/models/manager.py", line 87, in manager_method
    return getattr(self.get_queryset(), name)(*args, **kwargs)
  File "/Users/hongyuanfan/Desktop/LoanApplicationBackend/venv/lib/python3.9/site-packages/django/db/models/query.py", line 1313, in values
    clone = self._values(*fields, **expressions)
  File "/Users/hongyuanfan/Desktop/LoanApplicationBackend/venv/lib/python3.9/site-packages/django/db/models/query.py", line 1308, in _values
    clone.query.set_values(fields)
  File "/Users/hongyuanfan/Desktop/LoanApplicationBackend/venv/lib/python3.9/site-packages/django/db/models/sql/query.py", line 2463, in set_values
    self.add_fields(field_names, True)
  File "/Users/hongyuanfan/Desktop/LoanApplicationBackend/venv/lib/python3.9/site-packages/django/db/models/sql/query.py", line 2195, in add_fields
    raise FieldError(
django.core.exceptions.FieldError: Cannot resolve keyword 'company_name' into field. Choices are: applications, commission_account, created_at, email, first_name, id, last_name, phone_number, updated_at
WARNING 2025-04-13 08:02:36,983 log 70757 7919574080 Unauthorized: /api/dashboard/metrics/
INFO 2025-04-13 08:16:50,163 views 71991 7919574080 Generating document dashboard data
INFO 2025-04-13 08:16:50,166 views 71991 7919574080 Document dashboard data generated in 0.003s
INFO 2025-04-13 08:16:50,170 views 71991 7919574080 Serving document dashboard from cache
INFO 2025-04-13 08:16:50,551 views 71991 7919574080 Generating document dashboard data
INFO 2025-04-13 08:16:50,553 views 71991 7919574080 Document dashboard data generated in 0.002s
WARNING 2025-04-13 08:18:54,955 log 72255 7919574080 Unauthorized: /api/dashboard/metrics/
INFO 2025-04-13 08:18:57,537 views 72255 7919574080 Generating document dashboard data
INFO 2025-04-13 08:18:57,540 views 72255 7919574080 Document dashboard data generated in 0.002s
INFO 2025-04-13 08:18:57,541 views 72255 7919574080 Serving document dashboard from cache
INFO 2025-04-13 08:18:57,905 views 72255 7919574080 Generating document dashboard data
INFO 2025-04-13 08:18:57,907 views 72255 7919574080 Document dashboard data generated in 0.002s
WARNING 2025-04-13 08:21:20,805 log 72478 7919574080 Unauthorized: /api/dashboard/metrics/
WARNING 2025-04-13 08:21:39,883 log 72510 7919574080 Unauthorized: /api/dashboard/metrics/
INFO 2025-04-13 08:21:42,479 views 72510 7919574080 Generating document dashboard data
INFO 2025-04-13 08:21:42,481 views 72510 7919574080 Document dashboard data generated in 0.002s
INFO 2025-04-13 08:21:42,482 views 72510 7919574080 Serving document dashboard from cache
INFO 2025-04-13 08:21:42,840 views 72510 7919574080 Generating document dashboard data
INFO 2025-04-13 08:21:42,842 views 72510 7919574080 Document dashboard data generated in 0.002s
INFO 2025-04-13 08:37:00,514 autoreload 73787 7919574080 Watching for file changes with StatReloader
WARNING 2025-04-13 08:37:09,090 log 73819 7919574080 Unauthorized: /api/dashboard/metrics/
INFO 2025-04-13 08:37:11,593 views 73819 7919574080 Generating document dashboard data
INFO 2025-04-13 08:37:11,595 views 73819 7919574080 Document dashboard data generated in 0.002s
INFO 2025-04-13 08:37:11,596 views 73819 7919574080 Serving document dashboard from cache
INFO 2025-04-13 08:37:11,947 views 73819 7919574080 Generating document dashboard data
INFO 2025-04-13 08:37:11,949 views 73819 7919574080 Document dashboard data generated in 0.002s
WARNING 2025-04-13 08:38:51,807 log 73955 7919574080 Unauthorized: /api/dashboard/metrics/
INFO 2025-04-13 08:38:54,345 views 73955 7919574080 Generating document dashboard data
INFO 2025-04-13 08:38:54,348 views 73955 7919574080 Document dashboard data generated in 0.002s
INFO 2025-04-13 08:38:54,349 views 73955 7919574080 Serving document dashboard from cache
INFO 2025-04-13 08:38:54,701 views 73955 7919574080 Generating document dashboard data
INFO 2025-04-13 08:38:54,703 views 73955 7919574080 Document dashboard data generated in 0.002s
WARNING 2025-04-14 00:25:03,063 log 79791 7919574080 Bad Request: /api/document-management/documents/
WARNING 2025-04-14 00:25:03,835 log 79791 7919574080 Bad Request: /api/document-management/documents/1/
WARNING 2025-04-14 00:27:37,433 log 80053 7919574080 Not Found: /api/borrowers/
WARNING 2025-04-14 00:27:37,601 log 80053 7919574080 Not Found: /api/borrowers/1/
WARNING 2025-04-14 00:27:37,771 log 80053 7919574080 Not Found: /api/borrowers/
WARNING 2025-04-14 00:27:37,943 log 80053 7919574080 Not Found: /api/borrowers/
WARNING 2025-04-14 00:27:38,116 log 80053 7919574080 Not Found: /api/borrowers/1/
WARNING 2025-04-14 00:27:38,287 log 80053 7919574080 Not Found: /api/borrowers/1/
WARNING 2025-04-14 00:27:38,489 log 80053 7919574080 Not Found: /api/borrowers/
WARNING 2025-04-14 00:27:38,660 log 80053 7919574080 Not Found: /api/borrowers/1/
WARNING 2025-04-14 00:29:20,457 log 80307 7919574080 Bad Request: /api/document-management/documents/
WARNING 2025-04-14 00:29:21,210 log 80307 7919574080 Bad Request: /api/document-management/documents/1/
WARNING 2025-04-14 00:30:38,143 log 80475 7919574080 Bad Request: /api/document-management/documents/
WARNING 2025-04-14 00:30:38,902 log 80475 7919574080 Bad Request: /api/document-management/documents/1/
WARNING 2025-04-14 00:31:03,640 log 80550 7919574080 Bad Request: /api/document-management/documents/
WARNING 2025-04-14 00:31:04,378 log 80550 7919574080 Bad Request: /api/document-management/documents/1/
ERROR 2025-04-14 00:31:14,329 exception 80576 7919574080 Invalid HTTP_HOST header: 'testserver'. You may need to add 'testserver' to ALLOWED_HOSTS.
Traceback (most recent call last):
  File "/Users/hongyuanfan/Desktop/LoanApplicationBackend/venv/lib/python3.9/site-packages/django/core/handlers/exception.py", line 55, in inner
    response = get_response(request)
  File "/Users/hongyuanfan/Desktop/LoanApplicationBackend/venv/lib/python3.9/site-packages/django/utils/deprecation.py", line 133, in __call__
    response = self.process_request(request)
  File "/Users/hongyuanfan/Desktop/LoanApplicationBackend/venv/lib/python3.9/site-packages/django/middleware/common.py", line 48, in process_request
    host = request.get_host()
  File "/Users/hongyuanfan/Desktop/LoanApplicationBackend/venv/lib/python3.9/site-packages/django/http/request.py", line 150, in get_host
    raise DisallowedHost(msg)
django.core.exceptions.DisallowedHost: Invalid HTTP_HOST header: 'testserver'. You may need to add 'testserver' to ALLOWED_HOSTS.
WARNING 2025-04-14 00:31:14,378 log 80576 7919574080 Bad Request: /api/document-management/documents/
WARNING 2025-04-14 00:31:32,868 log 80622 7919574080 Bad Request: /api/document-management/documents/
WARNING 2025-04-14 00:31:33,614 log 80622 7919574080 Bad Request: /api/document-management/documents/1/
WARNING 2025-04-14 00:38:00,889 log 81207 7919574080 Bad Request: /api/applications/
ERROR 2025-04-14 01:09:11,767 log 83909 7919574080 Internal Server Error: /api/calculator/amortization-schedule/
Traceback (most recent call last):
  File "/Users/hongyuanfan/Desktop/LoanApplicationBackend/venv/lib/python3.9/site-packages/django/core/handlers/exception.py", line 55, in inner
    response = get_response(request)
  File "/Users/hongyuanfan/Desktop/LoanApplicationBackend/venv/lib/python3.9/site-packages/django/core/handlers/base.py", line 197, in _get_response
    response = wrapped_callback(request, *callback_args, **callback_kwargs)
  File "/Users/hongyuanfan/Desktop/LoanApplicationBackend/venv/lib/python3.9/site-packages/django/views/decorators/csrf.py", line 56, in wrapper_view
    return view_func(*args, **kwargs)
  File "/Users/hongyuanfan/Desktop/LoanApplicationBackend/venv/lib/python3.9/site-packages/django/views/generic/base.py", line 104, in view
    return self.dispatch(request, *args, **kwargs)
  File "/Users/hongyuanfan/Desktop/LoanApplicationBackend/venv/lib/python3.9/site-packages/rest_framework/views.py", line 515, in dispatch
    response = self.handle_exception(exc)
  File "/Users/hongyuanfan/Desktop/LoanApplicationBackend/venv/lib/python3.9/site-packages/rest_framework/views.py", line 475, in handle_exception
    self.raise_uncaught_exception(exc)
  File "/Users/hongyuanfan/Desktop/LoanApplicationBackend/venv/lib/python3.9/site-packages/rest_framework/views.py", line 486, in raise_uncaught_exception
    raise exc
  File "/Users/hongyuanfan/Desktop/LoanApplicationBackend/venv/lib/python3.9/site-packages/rest_framework/views.py", line 512, in dispatch
    response = handler(request, *args, **kwargs)
  File "/Users/hongyuanfan/Desktop/LoanApplicationBackend/calculator/views.py", line 176, in post
    schedule = generate_amortization_schedule(loan_amount, interest_rate, term_years, start_date)
  File "/Users/hongyuanfan/Desktop/LoanApplicationBackend/calculator/utils.py", line 81, in generate_amortization_schedule
    monthly_payment = calculate_monthly_payment(principal, annual_interest_rate, term_years)
  File "/Users/hongyuanfan/Desktop/LoanApplicationBackend/calculator/utils.py", line 34, in calculate_monthly_payment
    x = (1 + monthly_rate) ** num_payments
TypeError: unsupported operand type(s) for ** or pow(): 'decimal.Decimal' and 'float'
ERROR 2025-04-14 01:09:11,947 log 83909 7919574080 Internal Server Error: /api/calculator/loan-summary/
Traceback (most recent call last):
  File "/Users/hongyuanfan/Desktop/LoanApplicationBackend/venv/lib/python3.9/site-packages/django/core/handlers/exception.py", line 55, in inner
    response = get_response(request)
  File "/Users/hongyuanfan/Desktop/LoanApplicationBackend/venv/lib/python3.9/site-packages/django/core/handlers/base.py", line 197, in _get_response
    response = wrapped_callback(request, *callback_args, **callback_kwargs)
  File "/Users/hongyuanfan/Desktop/LoanApplicationBackend/venv/lib/python3.9/site-packages/django/views/decorators/csrf.py", line 56, in wrapper_view
    return view_func(*args, **kwargs)
  File "/Users/hongyuanfan/Desktop/LoanApplicationBackend/venv/lib/python3.9/site-packages/django/views/generic/base.py", line 104, in view
    return self.dispatch(request, *args, **kwargs)
  File "/Users/hongyuanfan/Desktop/LoanApplicationBackend/venv/lib/python3.9/site-packages/rest_framework/views.py", line 515, in dispatch
    response = self.handle_exception(exc)
  File "/Users/hongyuanfan/Desktop/LoanApplicationBackend/venv/lib/python3.9/site-packages/rest_framework/views.py", line 475, in handle_exception
    self.raise_uncaught_exception(exc)
  File "/Users/hongyuanfan/Desktop/LoanApplicationBackend/venv/lib/python3.9/site-packages/rest_framework/views.py", line 486, in raise_uncaught_exception
    raise exc
  File "/Users/hongyuanfan/Desktop/LoanApplicationBackend/venv/lib/python3.9/site-packages/rest_framework/views.py", line 512, in dispatch
    response = handler(request, *args, **kwargs)
  File "/Users/hongyuanfan/Desktop/LoanApplicationBackend/calculator/views.py", line 204, in post
    monthly_payment = calculate_monthly_payment(loan_amount, interest_rate, term_years)
  File "/Users/hongyuanfan/Desktop/LoanApplicationBackend/calculator/utils.py", line 34, in calculate_monthly_payment
    x = (1 + monthly_rate) ** num_payments
TypeError: unsupported operand type(s) for ** or pow(): 'decimal.Decimal' and 'float'
ERROR 2025-04-14 01:09:12,112 log 83909 7919574080 Internal Server Error: /api/calculator/monthly-payment/
Traceback (most recent call last):
  File "/Users/hongyuanfan/Desktop/LoanApplicationBackend/venv/lib/python3.9/site-packages/django/core/handlers/exception.py", line 55, in inner
    response = get_response(request)
  File "/Users/hongyuanfan/Desktop/LoanApplicationBackend/venv/lib/python3.9/site-packages/django/core/handlers/base.py", line 197, in _get_response
    response = wrapped_callback(request, *callback_args, **callback_kwargs)
  File "/Users/hongyuanfan/Desktop/LoanApplicationBackend/venv/lib/python3.9/site-packages/django/views/decorators/csrf.py", line 56, in wrapper_view
    return view_func(*args, **kwargs)
  File "/Users/hongyuanfan/Desktop/LoanApplicationBackend/venv/lib/python3.9/site-packages/django/views/generic/base.py", line 104, in view
    return self.dispatch(request, *args, **kwargs)
  File "/Users/hongyuanfan/Desktop/LoanApplicationBackend/venv/lib/python3.9/site-packages/rest_framework/views.py", line 515, in dispatch
    response = self.handle_exception(exc)
  File "/Users/hongyuanfan/Desktop/LoanApplicationBackend/venv/lib/python3.9/site-packages/rest_framework/views.py", line 475, in handle_exception
    self.raise_uncaught_exception(exc)
  File "/Users/hongyuanfan/Desktop/LoanApplicationBackend/venv/lib/python3.9/site-packages/rest_framework/views.py", line 486, in raise_uncaught_exception
    raise exc
  File "/Users/hongyuanfan/Desktop/LoanApplicationBackend/venv/lib/python3.9/site-packages/rest_framework/views.py", line 512, in dispatch
    response = handler(request, *args, **kwargs)
  File "/Users/hongyuanfan/Desktop/LoanApplicationBackend/calculator/views.py", line 158, in post
    monthly_payment = calculate_monthly_payment(loan_amount, interest_rate, term_years)
  File "/Users/hongyuanfan/Desktop/LoanApplicationBackend/calculator/utils.py", line 34, in calculate_monthly_payment
    x = (1 + monthly_rate) ** num_payments
TypeError: unsupported operand type(s) for ** or pow(): 'decimal.Decimal' and 'float'
ERROR 2025-04-14 01:09:12,278 log 83909 7919574080 Internal Server Error: /api/calculator/product-payment/
Traceback (most recent call last):
  File "/Users/hongyuanfan/Desktop/LoanApplicationBackend/venv/lib/python3.9/site-packages/django/core/handlers/exception.py", line 55, in inner
    response = get_response(request)
  File "/Users/hongyuanfan/Desktop/LoanApplicationBackend/venv/lib/python3.9/site-packages/django/core/handlers/base.py", line 197, in _get_response
    response = wrapped_callback(request, *callback_args, **callback_kwargs)
  File "/Users/hongyuanfan/Desktop/LoanApplicationBackend/venv/lib/python3.9/site-packages/django/views/decorators/csrf.py", line 56, in wrapper_view
    return view_func(*args, **kwargs)
  File "/Users/hongyuanfan/Desktop/LoanApplicationBackend/venv/lib/python3.9/site-packages/django/views/generic/base.py", line 104, in view
    return self.dispatch(request, *args, **kwargs)
  File "/Users/hongyuanfan/Desktop/LoanApplicationBackend/venv/lib/python3.9/site-packages/rest_framework/views.py", line 515, in dispatch
    response = self.handle_exception(exc)
  File "/Users/hongyuanfan/Desktop/LoanApplicationBackend/venv/lib/python3.9/site-packages/rest_framework/views.py", line 475, in handle_exception
    self.raise_uncaught_exception(exc)
  File "/Users/hongyuanfan/Desktop/LoanApplicationBackend/venv/lib/python3.9/site-packages/rest_framework/views.py", line 486, in raise_uncaught_exception
    raise exc
  File "/Users/hongyuanfan/Desktop/LoanApplicationBackend/venv/lib/python3.9/site-packages/rest_framework/views.py", line 512, in dispatch
    response = handler(request, *args, **kwargs)
  File "/Users/hongyuanfan/Desktop/LoanApplicationBackend/calculator/views.py", line 231, in post
    monthly_payment = calculate_monthly_payment(loan_amount, interest_rate, term_years)
  File "/Users/hongyuanfan/Desktop/LoanApplicationBackend/calculator/utils.py", line 34, in calculate_monthly_payment
    x = (1 + monthly_rate) ** num_payments
TypeError: unsupported operand type(s) for ** or pow(): 'decimal.Decimal' and 'float'
ERROR 2025-04-14 01:09:12,448 log 83909 7919574080 Internal Server Error: /api/calculator/compare-products/
Traceback (most recent call last):
  File "/Users/hongyuanfan/Desktop/LoanApplicationBackend/venv/lib/python3.9/site-packages/django/core/handlers/exception.py", line 55, in inner
    response = get_response(request)
  File "/Users/hongyuanfan/Desktop/LoanApplicationBackend/venv/lib/python3.9/site-packages/django/core/handlers/base.py", line 197, in _get_response
    response = wrapped_callback(request, *callback_args, **callback_kwargs)
  File "/Users/hongyuanfan/Desktop/LoanApplicationBackend/venv/lib/python3.9/site-packages/django/views/decorators/csrf.py", line 56, in wrapper_view
    return view_func(*args, **kwargs)
  File "/Users/hongyuanfan/Desktop/LoanApplicationBackend/venv/lib/python3.9/site-packages/django/views/generic/base.py", line 104, in view
    return self.dispatch(request, *args, **kwargs)
  File "/Users/hongyuanfan/Desktop/LoanApplicationBackend/venv/lib/python3.9/site-packages/rest_framework/views.py", line 515, in dispatch
    response = self.handle_exception(exc)
  File "/Users/hongyuanfan/Desktop/LoanApplicationBackend/venv/lib/python3.9/site-packages/rest_framework/views.py", line 475, in handle_exception
    self.raise_uncaught_exception(exc)
  File "/Users/hongyuanfan/Desktop/LoanApplicationBackend/venv/lib/python3.9/site-packages/rest_framework/views.py", line 486, in raise_uncaught_exception
    raise exc
  File "/Users/hongyuanfan/Desktop/LoanApplicationBackend/venv/lib/python3.9/site-packages/rest_framework/views.py", line 512, in dispatch
    response = handler(request, *args, **kwargs)
  File "/Users/hongyuanfan/Desktop/LoanApplicationBackend/calculator/views.py", line 274, in post
    monthly_payment = calculate_monthly_payment(loan_amount, interest_rate, term_years)
  File "/Users/hongyuanfan/Desktop/LoanApplicationBackend/calculator/utils.py", line 34, in calculate_monthly_payment
    x = (1 + monthly_rate) ** num_payments
TypeError: unsupported operand type(s) for ** or pow(): 'decimal.Decimal' and 'float'
ERROR 2025-04-14 01:14:15,205 log 84322 7919574080 Internal Server Error: /api/calculator/amortization-schedule/
Traceback (most recent call last):
  File "/Users/hongyuanfan/Desktop/LoanApplicationBackend/venv/lib/python3.9/site-packages/django/core/handlers/exception.py", line 55, in inner
    response = get_response(request)
  File "/Users/hongyuanfan/Desktop/LoanApplicationBackend/venv/lib/python3.9/site-packages/django/core/handlers/base.py", line 197, in _get_response
    response = wrapped_callback(request, *callback_args, **callback_kwargs)
  File "/Users/hongyuanfan/Desktop/LoanApplicationBackend/venv/lib/python3.9/site-packages/django/views/decorators/csrf.py", line 56, in wrapper_view
    return view_func(*args, **kwargs)
  File "/Users/hongyuanfan/Desktop/LoanApplicationBackend/venv/lib/python3.9/site-packages/django/views/generic/base.py", line 104, in view
    return self.dispatch(request, *args, **kwargs)
  File "/Users/hongyuanfan/Desktop/LoanApplicationBackend/venv/lib/python3.9/site-packages/rest_framework/views.py", line 515, in dispatch
    response = self.handle_exception(exc)
  File "/Users/hongyuanfan/Desktop/LoanApplicationBackend/venv/lib/python3.9/site-packages/rest_framework/views.py", line 475, in handle_exception
    self.raise_uncaught_exception(exc)
  File "/Users/hongyuanfan/Desktop/LoanApplicationBackend/venv/lib/python3.9/site-packages/rest_framework/views.py", line 486, in raise_uncaught_exception
    raise exc
  File "/Users/hongyuanfan/Desktop/LoanApplicationBackend/venv/lib/python3.9/site-packages/rest_framework/views.py", line 512, in dispatch
    response = handler(request, *args, **kwargs)
  File "/Users/hongyuanfan/Desktop/LoanApplicationBackend/calculator/views.py", line 176, in post
    schedule = generate_amortization_schedule(loan_amount, interest_rate, term_years, start_date)
  File "/Users/hongyuanfan/Desktop/LoanApplicationBackend/calculator/utils.py", line 87, in generate_amortization_schedule
    for payment_num in range(1, num_payments + 1):
TypeError: 'decimal.Decimal' object cannot be interpreted as an integer
ERROR 2025-04-14 01:14:15,393 log 84322 7919574080 Internal Server Error: /api/calculator/loan-summary/
Traceback (most recent call last):
  File "/Users/hongyuanfan/Desktop/LoanApplicationBackend/venv/lib/python3.9/site-packages/django/core/handlers/exception.py", line 55, in inner
    response = get_response(request)
  File "/Users/hongyuanfan/Desktop/LoanApplicationBackend/venv/lib/python3.9/site-packages/django/core/handlers/base.py", line 197, in _get_response
    response = wrapped_callback(request, *callback_args, **callback_kwargs)
  File "/Users/hongyuanfan/Desktop/LoanApplicationBackend/venv/lib/python3.9/site-packages/django/views/decorators/csrf.py", line 56, in wrapper_view
    return view_func(*args, **kwargs)
  File "/Users/hongyuanfan/Desktop/LoanApplicationBackend/venv/lib/python3.9/site-packages/django/views/generic/base.py", line 104, in view
    return self.dispatch(request, *args, **kwargs)
  File "/Users/hongyuanfan/Desktop/LoanApplicationBackend/venv/lib/python3.9/site-packages/rest_framework/views.py", line 515, in dispatch
    response = self.handle_exception(exc)
  File "/Users/hongyuanfan/Desktop/LoanApplicationBackend/venv/lib/python3.9/site-packages/rest_framework/views.py", line 475, in handle_exception
    self.raise_uncaught_exception(exc)
  File "/Users/hongyuanfan/Desktop/LoanApplicationBackend/venv/lib/python3.9/site-packages/rest_framework/views.py", line 486, in raise_uncaught_exception
    raise exc
  File "/Users/hongyuanfan/Desktop/LoanApplicationBackend/venv/lib/python3.9/site-packages/rest_framework/views.py", line 512, in dispatch
    response = handler(request, *args, **kwargs)
  File "/Users/hongyuanfan/Desktop/LoanApplicationBackend/calculator/views.py", line 205, in post
    schedule = generate_amortization_schedule(loan_amount, interest_rate, term_years)
  File "/Users/hongyuanfan/Desktop/LoanApplicationBackend/calculator/utils.py", line 87, in generate_amortization_schedule
    for payment_num in range(1, num_payments + 1):
TypeError: 'decimal.Decimal' object cannot be interpreted as an integer
ERROR 2025-04-14 01:14:15,934 log 84322 7919574080 Internal Server Error: /api/calculator/compare-products/
Traceback (most recent call last):
  File "/Users/hongyuanfan/Desktop/LoanApplicationBackend/venv/lib/python3.9/site-packages/django/core/handlers/exception.py", line 55, in inner
    response = get_response(request)
  File "/Users/hongyuanfan/Desktop/LoanApplicationBackend/venv/lib/python3.9/site-packages/django/core/handlers/base.py", line 197, in _get_response
    response = wrapped_callback(request, *callback_args, **callback_kwargs)
  File "/Users/hongyuanfan/Desktop/LoanApplicationBackend/venv/lib/python3.9/site-packages/django/views/decorators/csrf.py", line 56, in wrapper_view
    return view_func(*args, **kwargs)
  File "/Users/hongyuanfan/Desktop/LoanApplicationBackend/venv/lib/python3.9/site-packages/django/views/generic/base.py", line 104, in view
    return self.dispatch(request, *args, **kwargs)
  File "/Users/hongyuanfan/Desktop/LoanApplicationBackend/venv/lib/python3.9/site-packages/rest_framework/views.py", line 515, in dispatch
    response = self.handle_exception(exc)
  File "/Users/hongyuanfan/Desktop/LoanApplicationBackend/venv/lib/python3.9/site-packages/rest_framework/views.py", line 475, in handle_exception
    self.raise_uncaught_exception(exc)
  File "/Users/hongyuanfan/Desktop/LoanApplicationBackend/venv/lib/python3.9/site-packages/rest_framework/views.py", line 486, in raise_uncaught_exception
    raise exc
  File "/Users/hongyuanfan/Desktop/LoanApplicationBackend/venv/lib/python3.9/site-packages/rest_framework/views.py", line 512, in dispatch
    response = handler(request, *args, **kwargs)
  File "/Users/hongyuanfan/Desktop/LoanApplicationBackend/calculator/views.py", line 293, in post
    schedule = generate_amortization_schedule(loan_amount, interest_rate, term_years)
  File "/Users/hongyuanfan/Desktop/LoanApplicationBackend/calculator/utils.py", line 87, in generate_amortization_schedule
    for payment_num in range(1, num_payments + 1):
TypeError: 'decimal.Decimal' object cannot be interpreted as an integer
WARNING 2025-04-14 01:48:22,023 log 87149 7919574080 Bad Request: /api/document-management/documents/
WARNING 2025-04-14 01:48:22,773 log 87149 7919574080 Bad Request: /api/document-management/documents/1/
WARNING 2025-04-14 01:49:42,128 log 87266 7919574080 Not Found: /api/documents/
WARNING 2025-04-14 01:49:42,310 log 87266 7919574080 Not Found: /api/documents/1/
WARNING 2025-04-14 01:49:42,493 log 87266 7919574080 Not Found: /api/documents/
WARNING 2025-04-14 01:49:42,674 log 87266 7919574080 Not Found: /api/documents/1/
WARNING 2025-04-14 01:49:42,855 log 87266 7919574080 Not Found: /api/documents/1/
WARNING 2025-04-14 01:50:43,732 log 87383 7919574080 Bad Request: /api/document-management/documents/
WARNING 2025-04-14 01:50:44,493 log 87383 7919574080 Bad Request: /api/document-management/documents/1/
ERROR 2025-04-14 01:51:48,566 log 87508 7919574080 Internal Server Error: /api/document-management/documents/
Traceback (most recent call last):
  File "/Users/hongyuanfan/Desktop/LoanApplicationBackend/venv/lib/python3.9/site-packages/django/core/handlers/exception.py", line 55, in inner
    response = get_response(request)
  File "/Users/hongyuanfan/Desktop/LoanApplicationBackend/venv/lib/python3.9/site-packages/django/core/handlers/base.py", line 197, in _get_response
    response = wrapped_callback(request, *callback_args, **callback_kwargs)
  File "/Users/hongyuanfan/Desktop/LoanApplicationBackend/venv/lib/python3.9/site-packages/django/views/decorators/csrf.py", line 56, in wrapper_view
    return view_func(*args, **kwargs)
  File "/Users/hongyuanfan/Desktop/LoanApplicationBackend/venv/lib/python3.9/site-packages/rest_framework/viewsets.py", line 125, in view
    return self.dispatch(request, *args, **kwargs)
  File "/Users/hongyuanfan/Desktop/LoanApplicationBackend/venv/lib/python3.9/site-packages/rest_framework/views.py", line 515, in dispatch
    response = self.handle_exception(exc)
  File "/Users/hongyuanfan/Desktop/LoanApplicationBackend/venv/lib/python3.9/site-packages/rest_framework/views.py", line 475, in handle_exception
    self.raise_uncaught_exception(exc)
  File "/Users/hongyuanfan/Desktop/LoanApplicationBackend/venv/lib/python3.9/site-packages/rest_framework/views.py", line 486, in raise_uncaught_exception
    raise exc
  File "/Users/hongyuanfan/Desktop/LoanApplicationBackend/venv/lib/python3.9/site-packages/rest_framework/views.py", line 512, in dispatch
    response = handler(request, *args, **kwargs)
  File "/Users/hongyuanfan/Desktop/LoanApplicationBackend/venv/lib/python3.9/site-packages/rest_framework/mixins.py", line 19, in create
    self.perform_create(serializer)
  File "/Users/hongyuanfan/Desktop/LoanApplicationBackend/documents/views.py", line 204, in perform_create
    serializer.save(uploaded_by=self.request.user)
  File "/Users/hongyuanfan/Desktop/LoanApplicationBackend/venv/lib/python3.9/site-packages/rest_framework/serializers.py", line 210, in save
    self.instance = self.create(validated_data)
  File "/Users/hongyuanfan/Desktop/LoanApplicationBackend/venv/lib/python3.9/site-packages/taggit_serializer/serializers.py", line 100, in create
    return self._save_tags(tag_object, to_be_tagged)
  File "/Users/hongyuanfan/Desktop/LoanApplicationBackend/venv/lib/python3.9/site-packages/taggit_serializer/serializers.py", line 113, in _save_tags
    getattr(tag_object, key).set(*tag_values)
TypeError: set() missing 1 required positional argument: 'objs'
ERROR 2025-04-14 01:51:49,367 log 87508 7919574080 Internal Server Error: /api/document-management/documents/1/
Traceback (most recent call last):
  File "/Users/hongyuanfan/Desktop/LoanApplicationBackend/venv/lib/python3.9/site-packages/django/core/handlers/exception.py", line 55, in inner
    response = get_response(request)
  File "/Users/hongyuanfan/Desktop/LoanApplicationBackend/venv/lib/python3.9/site-packages/django/core/handlers/base.py", line 197, in _get_response
    response = wrapped_callback(request, *callback_args, **callback_kwargs)
  File "/Users/hongyuanfan/Desktop/LoanApplicationBackend/venv/lib/python3.9/site-packages/django/views/decorators/csrf.py", line 56, in wrapper_view
    return view_func(*args, **kwargs)
  File "/Users/hongyuanfan/Desktop/LoanApplicationBackend/venv/lib/python3.9/site-packages/rest_framework/viewsets.py", line 125, in view
    return self.dispatch(request, *args, **kwargs)
  File "/Users/hongyuanfan/Desktop/LoanApplicationBackend/venv/lib/python3.9/site-packages/rest_framework/views.py", line 515, in dispatch
    response = self.handle_exception(exc)
  File "/Users/hongyuanfan/Desktop/LoanApplicationBackend/venv/lib/python3.9/site-packages/rest_framework/views.py", line 475, in handle_exception
    self.raise_uncaught_exception(exc)
  File "/Users/hongyuanfan/Desktop/LoanApplicationBackend/venv/lib/python3.9/site-packages/rest_framework/views.py", line 486, in raise_uncaught_exception
    raise exc
  File "/Users/hongyuanfan/Desktop/LoanApplicationBackend/venv/lib/python3.9/site-packages/rest_framework/views.py", line 512, in dispatch
    response = handler(request, *args, **kwargs)
  File "/Users/hongyuanfan/Desktop/LoanApplicationBackend/venv/lib/python3.9/site-packages/rest_framework/mixins.py", line 68, in update
    self.perform_update(serializer)
  File "/Users/hongyuanfan/Desktop/LoanApplicationBackend/documents/views.py", line 207, in perform_update
    serializer.save(last_modified_by=self.request.user)
  File "/Users/hongyuanfan/Desktop/LoanApplicationBackend/venv/lib/python3.9/site-packages/rest_framework/serializers.py", line 205, in save
    self.instance = self.update(self.instance, validated_data)
  File "/Users/hongyuanfan/Desktop/LoanApplicationBackend/venv/lib/python3.9/site-packages/taggit_serializer/serializers.py", line 108, in update
    return self._save_tags(tag_object, to_be_tagged)
  File "/Users/hongyuanfan/Desktop/LoanApplicationBackend/venv/lib/python3.9/site-packages/taggit_serializer/serializers.py", line 113, in _save_tags
    getattr(tag_object, key).set(*tag_values)
TypeError: set() missing 1 required positional argument: 'objs'
WARNING 2025-04-14 04:09:43,010 log 92939 7919574080 Not Found: /api/notifications/unread-count/
WARNING 2025-04-14 04:09:43,344 log 92939 7919574080 Method Not Allowed: /api/notifications/mark-all-read/
WARNING 2025-04-14 04:10:52,414 log 93060 7919574080 Not Found: /api/notifications/unread-count/
WARNING 2025-04-14 04:10:52,744 log 93060 7919574080 Method Not Allowed: /api/notifications/mark-all-read/
WARNING 2025-04-14 04:21:31,576 log 93942 7919574080 Bad Request: /api/products/1/fees/
