2025-04-13 08:02:33,908 Dashboard API: GET /api/dashboard/applications/ - 500 - 0.011s
2025-04-13 08:02:34,293 Dashboard API: POST /api/dashboard/widgets/ - 201 - 0.002s
2025-04-13 08:02:34,627 Dashboard API: GET /api/dashboard/overview/ - 500 - 0.004s
2025-04-13 08:02:34,960 Dashboard API: GET /api/dashboard/documents/ - 200 - 0.003s
2025-04-13 08:02:35,287 Dashboard API: GET /api/dashboard/entities/ - 500 - 0.001s
2025-04-13 08:02:35,623 Dashboard API: GET /api/dashboard/layouts/ - 200 - 0.003s
2025-04-13 08:02:36,318 Dashboard API: GET /api/dashboard/metrics/ - 200 - 0.001s
2025-04-13 08:02:36,653 Dashboard API: GET /api/dashboard/metrics/ - 200 - 0.001s
2025-04-13 08:02:36,983 Dashboard API: GET /api/dashboard/metrics/ - 401 - 0.000s
2025-04-13 08:02:37,312 Dashboard API: PATCH /api/dashboard/layouts/1/ - 200 - 0.003s
2025-04-13 08:02:37,649 Dashboard API: GET /api/dashboard/preferences/ - 200 - 0.006s
2025-04-13 08:02:37,981 Dashboard API: GET /api/dashboard/widgets/ - 200 - 0.002s
2025-04-13 08:16:50,167 Dashboard API: GET /api/dashboard/documents/ - 200 - 0.007s
2025-04-13 08:16:50,170 Dashboard API: GET /api/dashboard/documents/ - 200 - 0.001s
2025-04-13 08:16:50,553 Dashboard API: GET /api/dashboard/documents/ - 200 - 0.003s
2025-04-13 08:18:53,599 Dashboard API: POST /api/dashboard/widgets/ - 201 - 0.002s
2025-04-13 08:18:53,940 Dashboard API: GET /api/dashboard/layouts/ - 200 - 0.003s
2025-04-13 08:18:54,281 Dashboard API: GET /api/dashboard/metrics/ - 200 - 0.001s
2025-04-13 08:18:54,616 Dashboard API: GET /api/dashboard/metrics/ - 200 - 0.001s
2025-04-13 08:18:54,955 Dashboard API: GET /api/dashboard/metrics/ - 401 - 0.000s
2025-04-13 08:18:55,299 Dashboard API: PATCH /api/dashboard/layouts/1/ - 200 - 0.003s
2025-04-13 08:18:55,641 Dashboard API: GET /api/dashboard/preferences/ - 200 - 0.005s
2025-04-13 08:18:55,972 Dashboard API: GET /api/dashboard/widgets/ - 200 - 0.002s
2025-04-13 08:18:57,540 Dashboard API: GET /api/dashboard/documents/ - 200 - 0.003s
2025-04-13 08:18:57,541 Dashboard API: GET /api/dashboard/documents/ - 200 - 0.001s
2025-04-13 08:18:57,908 Dashboard API: GET /api/dashboard/documents/ - 200 - 0.003s
2025-04-13 08:21:19,459 Dashboard API: POST /api/dashboard/widgets/ - 201 - 0.002s
2025-04-13 08:21:19,798 Dashboard API: GET /api/dashboard/layouts/ - 200 - 0.004s
2025-04-13 08:21:20,133 Dashboard API: GET /api/dashboard/metrics/ - 200 - 0.001s
2025-04-13 08:21:20,470 Dashboard API: GET /api/dashboard/metrics/ - 200 - 0.001s
2025-04-13 08:21:20,804 Dashboard API: GET /api/dashboard/metrics/ - 401 - 0.000s
2025-04-13 08:21:21,148 Dashboard API: PATCH /api/dashboard/layouts/1/ - 200 - 0.004s
2025-04-13 08:21:21,486 Dashboard API: GET /api/dashboard/preferences/ - 200 - 0.006s
2025-04-13 08:21:21,822 Dashboard API: GET /api/dashboard/widgets/ - 200 - 0.003s
2025-04-13 08:21:38,530 Dashboard API: POST /api/dashboard/widgets/ - 201 - 0.002s
2025-04-13 08:21:38,872 Dashboard API: GET /api/dashboard/layouts/ - 200 - 0.004s
2025-04-13 08:21:39,209 Dashboard API: GET /api/dashboard/metrics/ - 200 - 0.001s
2025-04-13 08:21:39,547 Dashboard API: GET /api/dashboard/metrics/ - 200 - 0.001s
2025-04-13 08:21:39,883 Dashboard API: GET /api/dashboard/metrics/ - 401 - 0.000s
2025-04-13 08:21:40,233 Dashboard API: PATCH /api/dashboard/layouts/1/ - 200 - 0.003s
2025-04-13 08:21:40,577 Dashboard API: GET /api/dashboard/preferences/ - 200 - 0.006s
2025-04-13 08:21:40,918 Dashboard API: GET /api/dashboard/widgets/ - 200 - 0.002s
2025-04-13 08:21:42,481 Dashboard API: GET /api/dashboard/documents/ - 200 - 0.003s
2025-04-13 08:21:42,482 Dashboard API: GET /api/dashboard/documents/ - 200 - 0.001s
2025-04-13 08:21:42,842 Dashboard API: GET /api/dashboard/documents/ - 200 - 0.003s
2025-04-13 08:37:07,764 Dashboard API: POST /api/dashboard/widgets/ - 201 - 0.002s
2025-04-13 08:37:08,096 Dashboard API: GET /api/dashboard/layouts/ - 200 - 0.003s
2025-04-13 08:37:08,428 Dashboard API: GET /api/dashboard/metrics/ - 200 - 0.001s
2025-04-13 08:37:08,760 Dashboard API: GET /api/dashboard/metrics/ - 200 - 0.001s
2025-04-13 08:37:09,090 Dashboard API: GET /api/dashboard/metrics/ - 401 - 0.000s
2025-04-13 08:37:09,418 Dashboard API: PATCH /api/dashboard/layouts/1/ - 200 - 0.003s
2025-04-13 08:37:09,755 Dashboard API: GET /api/dashboard/preferences/ - 200 - 0.006s
2025-04-13 08:37:10,083 Dashboard API: GET /api/dashboard/widgets/ - 200 - 0.002s
2025-04-13 08:37:11,596 Dashboard API: GET /api/dashboard/documents/ - 200 - 0.003s
2025-04-13 08:37:11,597 Dashboard API: GET /api/dashboard/documents/ - 200 - 0.001s
2025-04-13 08:37:11,949 Dashboard API: GET /api/dashboard/documents/ - 200 - 0.003s
2025-04-13 08:38:50,471 Dashboard API: POST /api/dashboard/widgets/ - 201 - 0.002s
2025-04-13 08:38:50,808 Dashboard API: GET /api/dashboard/layouts/ - 200 - 0.004s
2025-04-13 08:38:51,140 Dashboard API: GET /api/dashboard/metrics/ - 200 - 0.001s
2025-04-13 08:38:51,476 Dashboard API: GET /api/dashboard/metrics/ - 200 - 0.002s
2025-04-13 08:38:51,807 Dashboard API: GET /api/dashboard/metrics/ - 401 - 0.000s
2025-04-13 08:38:52,146 Dashboard API: PATCH /api/dashboard/layouts/1/ - 200 - 0.003s
2025-04-13 08:38:52,482 Dashboard API: GET /api/dashboard/preferences/ - 200 - 0.006s
2025-04-13 08:38:52,813 Dashboard API: GET /api/dashboard/widgets/ - 200 - 0.002s
2025-04-13 08:38:54,348 Dashboard API: GET /api/dashboard/documents/ - 200 - 0.004s
2025-04-13 08:38:54,349 Dashboard API: GET /api/dashboard/documents/ - 200 - 0.001s
2025-04-13 08:38:54,703 Dashboard API: GET /api/dashboard/documents/ - 200 - 0.003s
2025-04-14 06:03:09,268 Dashboard API: POST /api/dashboard/widgets/ - 201 - 0.002s
2025-04-14 06:03:09,604 Dashboard API: GET /api/dashboard/layouts/ - 200 - 0.003s
2025-04-14 06:03:09,935 Dashboard API: GET /api/dashboard/metrics/ - 200 - 0.001s
2025-04-14 06:03:10,266 Dashboard API: GET /api/dashboard/metrics/ - 200 - 0.001s
2025-04-14 06:03:10,593 Dashboard API: GET /api/dashboard/metrics/ - 401 - 0.000s
2025-04-14 06:03:10,931 Dashboard API: PATCH /api/dashboard/layouts/1/ - 200 - 0.004s
2025-04-14 06:03:11,273 Dashboard API: GET /api/dashboard/preferences/ - 200 - 0.006s
2025-04-14 06:03:11,604 Dashboard API: GET /api/dashboard/widgets/ - 200 - 0.002s
2025-04-14 06:03:13,122 Dashboard API: GET /api/dashboard/documents/ - 200 - 0.003s
2025-04-14 06:03:13,123 Dashboard API: GET /api/dashboard/documents/ - 200 - 0.001s
2025-04-14 06:03:13,478 Dashboard API: GET /api/dashboard/documents/ - 200 - 0.003s
